\BOOKMARK [1][-]{section.1}{\376\377\000I\000n\000t\000r\000o\000d\000u\000c\000t\000i\000o\000n}{}% 1
\BOOKMARK [1][-]{section.2}{\376\377\000R\000e\000l\000a\000t\000e\000d\000\040\000W\000o\000r\000k}{}% 2
\BOOKMARK [1][-]{section.3}{\376\377\000P\000r\000o\000p\000o\000s\000e\000d\000\040\000P\000r\000o\000t\000o\000c\000o\000l}{}% 3
\BOOKMARK [2][-]{subsection.3.1}{\376\377\000S\000y\000s\000t\000e\000m\000\040\000a\000n\000d\000\040\000T\000h\000r\000e\000a\000t\000\040\000M\000o\000d\000e\000l}{section.3}% 4
\BOOKMARK [2][-]{subsection.3.2}{\376\377\000P\000h\000a\000s\000e\000\040\0001\000:\000\040\000S\000e\000c\000u\000r\000e\000\040\000E\000n\000r\000o\000l\000l\000m\000e\000n\000t}{section.3}% 5
\BOOKMARK [2][-]{subsection.3.3}{\376\377\000P\000h\000a\000s\000e\000\040\0002\000:\000\040\000U\000A\000V\040\023\000G\000S\000\040\000M\000u\000t\000u\000a\000l\000\040\000A\000u\000t\000h\000e\000n\000t\000i\000c\000a\000t\000i\000o\000n}{section.3}% 6
\BOOKMARK [2][-]{subsection.3.4}{\376\377\000P\000h\000a\000s\000e\000\040\0003\000:\000\040\000U\000A\000V\040\023\000U\000A\000V\000\040\000P\000e\000e\000r\000\040\000A\000u\000t\000h\000e\000n\000t\000i\000c\000a\000t\000i\000o\000n}{section.3}% 7
\BOOKMARK [2][-]{subsection.3.5}{\376\377\000P\000h\000a\000s\000e\000\040\0004\000:\000\040\000S\000e\000s\000s\000i\000o\000n\000\040\000K\000e\000y}{section.3}% 8
\BOOKMARK [1][-]{section.4}{\376\377\000O\000M\000N\000e\000T\000+\000+\000\040\000I\000m\000p\000l\000e\000m\000e\000n\000t\000a\000t\000i\000o\000n}{}% 9
\BOOKMARK [2][-]{subsection.4.1}{\376\377\000M\000o\000d\000u\000l\000e\000\040\000A\000r\000c\000h\000i\000t\000e\000c\000t\000u\000r\000e}{section.4}% 10
\BOOKMARK [2][-]{subsection.4.2}{\376\377\000C\000r\000y\000p\000t\000o\000g\000r\000a\000p\000h\000i\000c\000\040\000P\000r\000i\000m\000i\000t\000i\000v\000e\000s}{section.4}% 11
\BOOKMARK [2][-]{subsection.4.3}{\376\377\000S\000t\000a\000d\000i\000u\000m\000\040\000S\000c\000e\000n\000a\000r\000i\000o}{section.4}% 12
\BOOKMARK [2][-]{subsection.4.4}{\376\377\000V\000a\000l\000i\000d\000a\000t\000i\000o\000n\000:\000\040\000P\000U\000F\000\040\000Q\000u\000a\000l\000i\000t\000y\000\040\000M\000e\000t\000r\000i\000c\000s}{section.4}% 13
\BOOKMARK [1][-]{section.5}{\376\377\000E\000v\000a\000l\000u\000a\000t\000i\000o\000n}{}% 14
\BOOKMARK [2][-]{subsection.5.1}{\376\377\000P\000h\000a\000s\000e\000\040\0002\000\040\000A\000g\000g\000r\000e\000g\000a\000t\000e\000\040\000R\000e\000s\000u\000l\000t\000s}{section.5}% 15
\BOOKMARK [2][-]{subsection.5.2}{\376\377\000P\000h\000a\000s\000e\000\040\0002\000\040\000P\000e\000r\000-\000M\000e\000s\000s\000a\000g\000e\000\040\000B\000r\000e\000a\000k\000d\000o\000w\000n}{section.5}% 16
\BOOKMARK [2][-]{subsection.5.3}{\376\377\000P\000h\000a\000s\000e\000\040\0003\000\040\000A\000g\000g\000r\000e\000g\000a\000t\000e\000\040\000R\000e\000s\000u\000l\000t\000s}{section.5}% 17
\BOOKMARK [2][-]{subsection.5.4}{\376\377\000P\000h\000a\000s\000e\000\040\0003\000\040\000P\000e\000r\000-\000M\000e\000s\000s\000a\000g\000e\000\040\000B\000r\000e\000a\000k\000d\000o\000w\000n}{section.5}% 18
\BOOKMARK [2][-]{subsection.5.5}{\376\377\000C\000o\000m\000p\000u\000t\000e\000\040\000v\000s\000.\000\040\000N\000e\000t\000w\000o\000r\000k\000\040\000V\000i\000s\000u\000a\000l\000i\000z\000a\000t\000i\000o\000n}{section.5}% 19
\BOOKMARK [2][-]{subsection.5.6}{\376\377\000T\000o\000t\000a\000l\000\040\000S\000w\000a\000r\000m\000\040\000A\000u\000t\000h\000e\000n\000t\000i\000c\000a\000t\000i\000o\000n\000\040\000T\000i\000m\000e}{section.5}% 20
\BOOKMARK [2][-]{subsection.5.7}{\376\377\000P\000e\000r\000-\000U\000A\000V\000\040\000S\000t\000o\000r\000a\000g\000e}{section.5}% 21
\BOOKMARK [2][-]{subsection.5.8}{\376\377\000C\000o\000m\000p\000a\000r\000i\000s\000o\000n\000\040\000w\000i\000t\000h\000\040\000B\000a\000s\000e\000l\000i\000n\000e\000s}{section.5}% 22
\BOOKMARK [2][-]{subsection.5.9}{\376\377\000H\000a\000r\000d\000w\000a\000r\000e\000\040\000P\000r\000o\000j\000e\000c\000t\000i\000o\000n}{section.5}% 23
\BOOKMARK [1][-]{section.6}{\376\377\000S\000e\000c\000u\000r\000i\000t\000y\000\040\000A\000n\000a\000l\000y\000s\000i\000s\000\040\000a\000n\000d\000\040\000D\000i\000s\000c\000u\000s\000s\000i\000o\000n}{}% 24
\BOOKMARK [1][-]{section.7}{\376\377\000C\000o\000n\000c\000l\000u\000s\000i\000o\000n}{}% 25
\BOOKMARK [1][-]{section*.2}{\376\377\000R\000e\000f\000e\000r\000e\000n\000c\000e\000s}{}% 26
