\BOOKMARK [1][-]{section.1}{\376\377\000I\000n\000t\000r\000o\000d\000u\000c\000t\000i\000o\000n}{}% 1
\BOOKMARK [1][-]{section.2}{\376\377\000B\000a\000c\000k\000g\000r\000o\000u\000n\000d}{}% 2
\BOOKMARK [2][-]{subsection.2.1}{\376\377\000P\000h\000y\000s\000i\000c\000a\000l\000\040\000U\000n\000c\000l\000o\000n\000a\000b\000l\000e\000\040\000F\000u\000n\000c\000t\000i\000o\000n\000s}{section.2}% 3
\BOOKMARK [2][-]{subsection.2.2}{\376\377\000F\000u\000z\000z\000y\000\040\000E\000x\000t\000r\000a\000c\000t\000o\000r\000s\000\040\000a\000n\000d\000\040\000B\000C\000H\000\040\000E\000r\000r\000o\000r\000\040\000C\000o\000r\000r\000e\000c\000t\000i\000o\000n}{section.2}% 4
\BOOKMARK [2][-]{subsection.2.3}{\376\377\000L\000i\000g\000h\000t\000w\000e\000i\000g\000h\000t\000\040\000H\000a\000s\000h\000\040\000F\000u\000n\000c\000t\000i\000o\000n\000s}{section.2}% 5
\BOOKMARK [1][-]{section.3}{\376\377\000R\000e\000l\000a\000t\000e\000d\000\040\000W\000o\000r\000k}{}% 6
\BOOKMARK [2][-]{subsection.3.1}{\376\377\000P\000U\000F\000-\000B\000a\000s\000e\000d\000\040\000U\000A\000V\000\040\000A\000u\000t\000h\000e\000n\000t\000i\000c\000a\000t\000i\000o\000n}{section.3}% 7
\BOOKMARK [2][-]{subsection.3.2}{\376\377\000P\000e\000e\000r\000-\000t\000o\000-\000P\000e\000e\000r\000\040\000U\000A\000V\000\040\000A\000u\000t\000h\000e\000n\000t\000i\000c\000a\000t\000i\000o\000n}{section.3}% 8
\BOOKMARK [2][-]{subsection.3.3}{\376\377\000L\000i\000g\000h\000t\000w\000e\000i\000g\000h\000t\000\040\000C\000r\000y\000p\000t\000o\000g\000r\000a\000p\000h\000y}{section.3}% 9
\BOOKMARK [2][-]{subsection.3.4}{\376\377\000C\000o\000m\000p\000a\000r\000i\000s\000o\000n\000\040\000S\000u\000m\000m\000a\000r\000y}{section.3}% 10
\BOOKMARK [1][-]{section.4}{\376\377\000P\000r\000o\000p\000o\000s\000e\000d\000\040\000F\000o\000u\000r\000-\000P\000h\000a\000s\000e\000\040\000P\000r\000o\000t\000o\000c\000o\000l}{}% 11
\BOOKMARK [2][-]{subsection.4.1}{\376\377\000S\000y\000s\000t\000e\000m\000\040\000a\000n\000d\000\040\000T\000h\000r\000e\000a\000t\000\040\000M\000o\000d\000e\000l}{section.4}% 12
\BOOKMARK [2][-]{subsection.4.2}{\376\377\000N\000o\000t\000a\000t\000i\000o\000n}{section.4}% 13
\BOOKMARK [2][-]{subsection.4.3}{\376\377\000P\000h\000a\000s\000e\000\040\0001\000:\000\040\000S\000e\000c\000u\000r\000e\000\040\000E\000n\000r\000o\000l\000l\000m\000e\000n\000t}{section.4}% 14
\BOOKMARK [2][-]{subsection.4.4}{\376\377\000P\000h\000a\000s\000e\000\040\0002\000:\000\040\000U\000A\000V\040\023\000G\000S\000\040\000M\000u\000t\000u\000a\000l\000\040\000A\000u\000t\000h\000e\000n\000t\000i\000c\000a\000t\000i\000o\000n}{section.4}% 15
\BOOKMARK [2][-]{subsection.4.5}{\376\377\000P\000h\000a\000s\000e\000\040\0003\000:\000\040\000U\000A\000V\040\023\000U\000A\000V\000\040\000P\000e\000e\000r\000\040\000A\000u\000t\000h\000e\000n\000t\000i\000c\000a\000t\000i\000o\000n}{section.4}% 16
\BOOKMARK [2][-]{subsection.4.6}{\376\377\000P\000h\000a\000s\000e\000\040\0004\000:\000\040\000S\000e\000s\000s\000i\000o\000n\000\040\000K\000e\000y\000\040\000a\000n\000d\000\040\000O\000p\000t\000i\000o\000n\000a\000l\000\040\000F\000o\000r\000w\000a\000r\000d\000\040\000S\000e\000c\000r\000e\000c\000y}{section.4}% 17
\BOOKMARK [1][-]{section.5}{\376\377\000O\000M\000N\000e\000T\000+\000+\000\040\000R\000e\000f\000e\000r\000e\000n\000c\000e\000\040\000I\000m\000p\000l\000e\000m\000e\000n\000t\000a\000t\000i\000o\000n}{}% 18
\BOOKMARK [2][-]{subsection.5.1}{\376\377\000D\000i\000s\000c\000r\000e\000t\000e\000-\000E\000v\000e\000n\000t\000\040\000N\000e\000t\000w\000o\000r\000k\000\040\000S\000i\000m\000u\000l\000a\000t\000o\000r}{section.5}% 19
\BOOKMARK [2][-]{subsection.5.2}{\376\377\000L\000i\000n\000k\000-\000D\000e\000l\000a\000y\000\040\000M\000o\000d\000e\000l}{section.5}% 20
\BOOKMARK [2][-]{subsection.5.3}{\376\377\000C\000r\000y\000p\000t\000o\000g\000r\000a\000p\000h\000i\000c\000\040\000P\000r\000i\000m\000i\000t\000i\000v\000e\000s}{section.5}% 21
\BOOKMARK [2][-]{subsection.5.4}{\376\377\000P\000e\000r\000-\000M\000e\000s\000s\000a\000g\000e\000\040\000T\000i\000m\000i\000n\000g\000\040\000I\000n\000s\000t\000r\000u\000m\000e\000n\000t\000a\000t\000i\000o\000n}{section.5}% 22
\BOOKMARK [2][-]{subsection.5.5}{\376\377\000S\000t\000a\000d\000i\000u\000m\000-\000S\000u\000r\000v\000e\000i\000l\000l\000a\000n\000c\000e\000\040\000S\000c\000e\000n\000a\000r\000i\000o}{section.5}% 23
\BOOKMARK [2][-]{subsection.5.6}{\376\377\000B\000u\000i\000l\000d\000\040\000a\000n\000d\000\040\000R\000u\000n}{section.5}% 24
\BOOKMARK [1][-]{section.6}{\376\377\000E\000v\000a\000l\000u\000a\000t\000i\000o\000n}{}% 25
\BOOKMARK [2][-]{subsection.6.1}{\376\377\000P\000h\000a\000s\000e\000\040\0002\000\040\000A\000g\000g\000r\000e\000g\000a\000t\000e\000\040\000R\000e\000s\000u\000l\000t\000s}{section.6}% 26
\BOOKMARK [2][-]{subsection.6.2}{\376\377\000P\000h\000a\000s\000e\000\040\0002\000\040\000P\000e\000r\000-\000M\000e\000s\000s\000a\000g\000e\000\040\000B\000r\000e\000a\000k\000d\000o\000w\000n}{section.6}% 27
\BOOKMARK [2][-]{subsection.6.3}{\376\377\000P\000h\000a\000s\000e\000\040\0003\000\040\000A\000g\000g\000r\000e\000g\000a\000t\000e\000\040\000R\000e\000s\000u\000l\000t\000s}{section.6}% 28
\BOOKMARK [2][-]{subsection.6.4}{\376\377\000C\000o\000m\000p\000u\000t\000e\000\040\000v\000s\000.\000\040\000N\000e\000t\000w\000o\000r\000k\000\040\000B\000r\000e\000a\000k\000d\000o\000w\000n}{section.6}% 29
\BOOKMARK [2][-]{subsection.6.5}{\376\377\000E\000n\000d\000-\000t\000o\000-\000E\000n\000d\000\040\000S\000w\000a\000r\000m\000\040\000A\000u\000t\000h\000e\000n\000t\000i\000c\000a\000t\000i\000o\000n\000\040\000T\000i\000m\000e}{section.6}% 30
\BOOKMARK [1][-]{section.7}{\376\377\000C\000o\000m\000p\000a\000r\000i\000s\000o\000n\000\040\000w\000i\000t\000h\000\040\000B\000a\000s\000e\000l\000i\000n\000e\000s}{}% 31
\BOOKMARK [2][-]{subsection.7.1}{\376\377\000L\000a\000t\000e\000n\000c\000y}{section.7}% 32
\BOOKMARK [2][-]{subsection.7.2}{\376\377\000C\000o\000m\000m\000u\000n\000i\000c\000a\000t\000i\000o\000n\000\040\000O\000v\000e\000r\000h\000e\000a\000d}{section.7}% 33
\BOOKMARK [2][-]{subsection.7.3}{\376\377\000S\000t\000o\000r\000a\000g\000e}{section.7}% 34
\BOOKMARK [2][-]{subsection.7.4}{\376\377\000S\000e\000c\000u\000r\000i\000t\000y\000\040\000P\000r\000o\000p\000e\000r\000t\000i\000e\000s}{section.7}% 35
\BOOKMARK [1][-]{section.8}{\376\377\000H\000a\000r\000d\000w\000a\000r\000e\000\040\000P\000r\000o\000j\000e\000c\000t\000i\000o\000n}{}% 36
\BOOKMARK [2][-]{subsection.8.1}{\376\377\000S\000o\000f\000t\000w\000a\000r\000e\000\040\000v\000s\000.\000\040\000H\000a\000r\000d\000w\000a\000r\000e\000\040\000H\000a\000s\000h\000\040\000C\000o\000s\000t}{section.8}% 37
\BOOKMARK [2][-]{subsection.8.2}{\376\377\000H\000a\000r\000d\000w\000a\000r\000e\000\040\000A\000r\000e\000a}{section.8}% 38
\BOOKMARK [2][-]{subsection.8.3}{\376\377\000P\000r\000o\000j\000e\000c\000t\000e\000d\000\040\000P\000r\000o\000t\000o\000c\000o\000l\000\040\000L\000a\000t\000e\000n\000c\000y}{section.8}% 39
\BOOKMARK [1][-]{section.9}{\376\377\000S\000e\000c\000u\000r\000i\000t\000y\000\040\000A\000n\000a\000l\000y\000s\000i\000s}{}% 40
\BOOKMARK [2][-]{subsection.9.1}{\376\377\000A\000s\000s\000u\000m\000p\000t\000i\000o\000n\000s}{section.9}% 41
\BOOKMARK [2][-]{subsection.9.2}{\376\377\000P\000h\000a\000s\000e\000\040\0002\000:\000\040\000M\000u\000t\000u\000a\000l\000\040\000A\000u\000t\000h\000e\000n\000t\000i\000c\000a\000t\000i\000o\000n}{section.9}% 42
\BOOKMARK [2][-]{subsection.9.3}{\376\377\000R\000e\000p\000l\000a\000y\000\040\000R\000e\000s\000i\000s\000t\000a\000n\000c\000e}{section.9}% 43
\BOOKMARK [2][-]{subsection.9.4}{\376\377\000P\000h\000a\000s\000e\000\040\0003\000:\000\040\000P\000e\000e\000r\000\040\000M\000u\000t\000u\000a\000l\000\040\000A\000u\000t\000h\000e\000n\000t\000i\000c\000a\000t\000i\000o\000n}{section.9}% 44
\BOOKMARK [2][-]{subsection.9.5}{\376\377\000M\000I\000T\000M\000\040\000R\000e\000s\000i\000s\000t\000a\000n\000c\000e}{section.9}% 45
\BOOKMARK [2][-]{subsection.9.6}{\376\377\000P\000h\000y\000s\000i\000c\000a\000l\000\040\000C\000a\000p\000t\000u\000r\000e\000\040\000R\000e\000s\000i\000s\000t\000a\000n\000c\000e}{section.9}% 46
\BOOKMARK [2][-]{subsection.9.7}{\376\377\000K\000e\000y\000\040\000S\000e\000c\000r\000e\000c\000y\000\040\000a\000n\000d\000\040\000F\000o\000r\000w\000a\000r\000d\000\040\000S\000e\000c\000r\000e\000c\000y}{section.9}% 47
\BOOKMARK [1][-]{section.10}{\376\377\000D\000i\000s\000c\000u\000s\000s\000i\000o\000n}{}% 48
\BOOKMARK [2][-]{subsection.10.1}{\376\377\000F\000r\000o\000m\000\040\000S\000i\000m\000u\000l\000a\000t\000i\000o\000n\000\040\000t\000o\000\040\000D\000e\000p\000l\000o\000y\000m\000e\000n\000t}{section.10}% 49
\BOOKMARK [2][-]{subsection.10.2}{\376\377\000S\000c\000a\000l\000a\000b\000i\000l\000i\000t\000y}{section.10}% 50
\BOOKMARK [2][-]{subsection.10.3}{\376\377\000L\000i\000m\000i\000t\000a\000t\000i\000o\000n\000s\000\040\000a\000n\000d\000\040\000F\000u\000t\000u\000r\000e\000\040\000W\000o\000r\000k}{section.10}% 51
\BOOKMARK [1][-]{section.11}{\376\377\000C\000o\000n\000c\000l\000u\000s\000i\000o\000n}{}% 52
\BOOKMARK [1][-]{section*.4}{\376\377\000R\000e\000f\000e\000r\000e\000n\000c\000e\000s}{}% 53
\BOOKMARK [1][-]{IEEEbiography.0}{\376\377\000B\000i\000o\000g\000r\000a\000p\000h\000i\000e\000s}{}% 54
\BOOKMARK [2][-]{IEEEbiography.1}{\376\377\000M\000d\000\040\000Z\000i\000y\000a\000d\000\040\000H\000u\000s\000s\000a\000i\000n}{IEEEbiography.0}% 55
\BOOKMARK [2][-]{IEEEbiography.2}{\376\377\000R\000a\000k\000e\000s\000h\000\040\000M\000a\000t\000a\000m}{IEEEbiography.0}% 56
