OMNeT++ Discrete Event Simulation  (C) 1992-2025 Andras Varga, OpenSim Ltd.
Version: 6.3.0, build: 251110-bb3d6a4731, edition: Academic Public License -- NOT FOR COMMERCIAL USE
See the license for distribution terms and warranty disclaimer

Setting up Cmdenv...

Loading NED files from /home/md-ziyad-hussain/UAV-OMNET++/src:  4
Loading NED files from /home/md-ziyad-hussain/UAV-OMNET++/simulations:  1

Preparing for running configuration StadiumSHA3, run #0...
Assigned runID=StadiumSHA3-0-20260809-23:07:20-359376
Setting up network "UavAuthNetwork"...
Initializing...

Running simulation...
** Event #0   t=0   Elapsed: 2.1e-05s (0m 00s)  0% completed  (0% total)
     Speed:     ev/sec=0   simsec/sec=0   ev/simsec=0
     Messages:  created: 10   present: 10   in FES: 11
** Event #196   t=300   Elapsed: 0.05726s (0m 00s)  100% completed  (12% total)
     Speed:     ev/sec=3424.06   simsec/sec=524.102   ev/simsec=6.53319
     Messages:  created: 195   present: 0   in FES: 0

<!> Simulation time limit reached -- at t=300s, event #196

Calling finish() at end of Run #0...

Preparing for running configuration StadiumSHA3, run #1...
Assigned runID=StadiumSHA3-1-20260809-23:07:20-359376
Setting up network "UavAuthNetwork"...
Initializing...

Running simulation...
** Event #0   t=0   Elapsed: 1.5e-05s (0m 00s)  0% completed  (12% total)
     Speed:     ev/sec=0   simsec/sec=0   ev/simsec=0
     Messages:  created: 10   present: 10   in FES: 11
** Event #196   t=300   Elapsed: 0.054474s (0m 00s)  100% completed  (25% total)
     Speed:     ev/sec=3599.24   simsec/sec=550.916   ev/simsec=6.53318
     Messages:  created: 195   present: 0   in FES: 0

<!> Simulation time limit reached -- at t=300s, event #196

Calling finish() at end of Run #1...

Preparing for running configuration StadiumSHA3, run #2...
Assigned runID=StadiumSHA3-2-20260809-23:07:20-359376
Setting up network "UavAuthNetwork"...
Initializing...

Running simulation...
** Event #0   t=0   Elapsed: 6e-06s (0m 00s)  0% completed  (25% total)
     Speed:     ev/sec=0   simsec/sec=0   ev/simsec=0
     Messages:  created: 10   present: 10   in FES: 11
** Event #196   t=300   Elapsed: 0.057466s (0m 00s)  100% completed  (37% total)
     Speed:     ev/sec=3411.6   simsec/sec=522.196   ev/simsec=6.53319
     Messages:  created: 195   present: 0   in FES: 0

<!> Simulation time limit reached -- at t=300s, event #196

Calling finish() at end of Run #2...

Preparing for running configuration StadiumSHA3, run #3...
Assigned runID=StadiumSHA3-3-20260809-23:07:20-359376
Setting up network "UavAuthNetwork"...
Initializing...

Running simulation...
** Event #0   t=0   Elapsed: 7e-06s (0m 00s)  0% completed  (37% total)
     Speed:     ev/sec=0   simsec/sec=0   ev/simsec=0
     Messages:  created: 10   present: 10   in FES: 11
** Event #196   t=300   Elapsed: 0.055343s (0m 00s)  100% completed  (50% total)
     Speed:     ev/sec=3542.32   simsec/sec=542.204   ev/simsec=6.53319
     Messages:  created: 195   present: 0   in FES: 0

<!> Simulation time limit reached -- at t=300s, event #196

Calling finish() at end of Run #3...

Preparing for running configuration StadiumSHA3, run #4...
Assigned runID=StadiumSHA3-4-20260809-23:07:20-359376
Setting up network "UavAuthNetwork"...
Initializing...

Running simulation...
** Event #0   t=0   Elapsed: 9e-06s (0m 00s)  0% completed  (50% total)
     Speed:     ev/sec=0   simsec/sec=0   ev/simsec=0
     Messages:  created: 10   present: 10   in FES: 11
** Event #196   t=300   Elapsed: 0.05428s (0m 00s)  100% completed  (62% total)
     Speed:     ev/sec=3611.77   simsec/sec=552.834   ev/simsec=6.53319
     Messages:  created: 195   present: 0   in FES: 0

<!> Simulation time limit reached -- at t=300s, event #196

Calling finish() at end of Run #4...

Preparing for running configuration StadiumSHA3, run #5...
Assigned runID=StadiumSHA3-5-20260809-23:07:20-359376
Setting up network "UavAuthNetwork"...
Initializing...

Running simulation...
** Event #0   t=0   Elapsed: 9e-06s (0m 00s)  0% completed  (62% total)
     Speed:     ev/sec=0   simsec/sec=0   ev/simsec=0
     Messages:  created: 10   present: 10   in FES: 11
** Event #196   t=300   Elapsed: 0.056197s (0m 00s)  100% completed  (75% total)
     Speed:     ev/sec=3488.48   simsec/sec=533.962   ev/simsec=6.53319
     Messages:  created: 195   present: 0   in FES: 0

<!> Simulation time limit reached -- at t=300s, event #196

Calling finish() at end of Run #5...

Preparing for running configuration StadiumSHA3, run #6...
Assigned runID=StadiumSHA3-6-20260809-23:07:20-359376
Setting up network "UavAuthNetwork"...
Initializing...

Running simulation...
** Event #0   t=0   Elapsed: 7e-06s (0m 00s)  0% completed  (75% total)
     Speed:     ev/sec=0   simsec/sec=0   ev/simsec=0
     Messages:  created: 10   present: 10   in FES: 11
** Event #196   t=300   Elapsed: 0.055348s (0m 00s)  100% completed  (87% total)
     Speed:     ev/sec=3542.13   simsec/sec=542.174   ev/simsec=6.53319
     Messages:  created: 195   present: 0   in FES: 0

<!> Simulation time limit reached -- at t=300s, event #196

Calling finish() at end of Run #6...

Preparing for running configuration StadiumSHA3, run #7...
Assigned runID=StadiumSHA3-7-20260809-23:07:20-359376
Setting up network "UavAuthNetwork"...
Initializing...

Running simulation...
** Event #0   t=0   Elapsed: 4e-06s (0m 00s)  0% completed  (87% total)
     Speed:     ev/sec=0   simsec/sec=0   ev/simsec=0
     Messages:  created: 10   present: 10   in FES: 11
** Event #196   t=300   Elapsed: 0.054131s (0m 00s)  100% completed  (100% total)
     Speed:     ev/sec=3621.45   simsec/sec=554.316   ev/simsec=6.53318
     Messages:  created: 195   present: 0   in FES: 0

<!> Simulation time limit reached -- at t=300s, event #196

Calling finish() at end of Run #7...

Run statistics: total 8, successful 8

End.
