OMNeT++ Discrete Event Simulation  (C) 1992-2025 Andras Varga, OpenSim Ltd.
Version: 6.3.0, build: 251110-bb3d6a4731, edition: Academic Public License -- NOT FOR COMMERCIAL USE
See the license for distribution terms and warranty disclaimer

Setting up Cmdenv...

Loading NED files from /home/md-ziyad-hussain/UAV-OMNET++/src:  4
Loading NED files from /home/md-ziyad-hussain/UAV-OMNET++/simulations:  1

Preparing for running configuration StadiumSPONGENT, run #0...
Assigned runID=StadiumSPONGENT-0-20260809-23:07:20-359377
Setting up network "UavAuthNetwork"...
Initializing...

Running simulation...
** Event #0   t=0   Elapsed: 2.2e-05s (0m 00s)  0% completed  (0% total)
     Speed:     ev/sec=0   simsec/sec=0   ev/simsec=0
     Messages:  created: 10   present: 10   in FES: 11
** Event #196   t=300   Elapsed: 0.362121s (0m 00s)  100% completed  (12% total)
     Speed:     ev/sec=541.282   simsec/sec=82.8512   ev/simsec=6.53319
     Messages:  created: 195   present: 0   in FES: 0

<!> Simulation time limit reached -- at t=300s, event #196

Calling finish() at end of Run #0...

Preparing for running configuration StadiumSPONGENT, run #1...
Assigned runID=StadiumSPONGENT-1-20260809-23:07:21-359377
Setting up network "UavAuthNetwork"...
Initializing...

Running simulation...
** Event #0   t=0   Elapsed: 4e-06s (0m 00s)  0% completed  (12% total)
     Speed:     ev/sec=0   simsec/sec=0   ev/simsec=0
     Messages:  created: 10   present: 10   in FES: 11
** Event #196   t=300   Elapsed: 0.367687s (0m 00s)  100% completed  (25% total)
     Speed:     ev/sec=533.079   simsec/sec=81.5957   ev/simsec=6.53318
     Messages:  created: 195   present: 0   in FES: 0

<!> Simulation time limit reached -- at t=300s, event #196

Calling finish() at end of Run #1...

Preparing for running configuration StadiumSPONGENT, run #2...
Assigned runID=StadiumSPONGENT-2-20260809-23:07:21-359377
Setting up network "UavAuthNetwork"...
Initializing...

Running simulation...
** Event #0   t=0   Elapsed: 1.4e-05s (0m 00s)  0% completed  (25% total)
     Speed:     ev/sec=0   simsec/sec=0   ev/simsec=0
     Messages:  created: 10   present: 10   in FES: 11
** Event #196   t=300   Elapsed: 0.360458s (0m 00s)  100% completed  (37% total)
     Speed:     ev/sec=543.78   simsec/sec=83.2334   ev/simsec=6.53319
     Messages:  created: 195   present: 0   in FES: 0

<!> Simulation time limit reached -- at t=300s, event #196

Calling finish() at end of Run #2...

Preparing for running configuration StadiumSPONGENT, run #3...
Assigned runID=StadiumSPONGENT-3-20260809-23:07:22-359377
Setting up network "UavAuthNetwork"...
Initializing...

Running simulation...
** Event #0   t=0   Elapsed: 4e-06s (0m 00s)  0% completed  (37% total)
     Speed:     ev/sec=0   simsec/sec=0   ev/simsec=0
     Messages:  created: 10   present: 10   in FES: 11
** Event #196   t=300   Elapsed: 0.364214s (0m 00s)  100% completed  (50% total)
     Speed:     ev/sec=538.163   simsec/sec=82.3737   ev/simsec=6.53319
     Messages:  created: 195   present: 0   in FES: 0

<!> Simulation time limit reached -- at t=300s, event #196

Calling finish() at end of Run #3...

Preparing for running configuration StadiumSPONGENT, run #4...
Assigned runID=StadiumSPONGENT-4-20260809-23:07:22-359377
Setting up network "UavAuthNetwork"...
Initializing...

Running simulation...
** Event #0   t=0   Elapsed: 9e-06s (0m 00s)  0% completed  (50% total)
     Speed:     ev/sec=0   simsec/sec=0   ev/simsec=0
     Messages:  created: 10   present: 10   in FES: 11
** Event #196   t=300   Elapsed: 0.364092s (0m 00s)  100% completed  (62% total)
     Speed:     ev/sec=538.346   simsec/sec=82.4017   ev/simsec=6.53319
     Messages:  created: 195   present: 0   in FES: 0

<!> Simulation time limit reached -- at t=300s, event #196

Calling finish() at end of Run #4...

Preparing for running configuration StadiumSPONGENT, run #5...
Assigned runID=StadiumSPONGENT-5-20260809-23:07:23-359377
Setting up network "UavAuthNetwork"...
Initializing...

Running simulation...
** Event #0   t=0   Elapsed: 1e-05s (0m 00s)  0% completed  (62% total)
     Speed:     ev/sec=0   simsec/sec=0   ev/simsec=0
     Messages:  created: 10   present: 10   in FES: 11
** Event #196   t=300   Elapsed: 0.365989s (0m 00s)  100% completed  (75% total)
     Speed:     ev/sec=535.551   simsec/sec=81.974   ev/simsec=6.53319
     Messages:  created: 195   present: 0   in FES: 0

<!> Simulation time limit reached -- at t=300s, event #196

Calling finish() at end of Run #5...

Preparing for running configuration StadiumSPONGENT, run #6...
Assigned runID=StadiumSPONGENT-6-20260809-23:07:23-359377
Setting up network "UavAuthNetwork"...
Initializing...

Running simulation...
** Event #0   t=0   Elapsed: 5e-06s (0m 00s)  0% completed  (75% total)
     Speed:     ev/sec=0   simsec/sec=0   ev/simsec=0
     Messages:  created: 10   present: 10   in FES: 11
** Event #196   t=300   Elapsed: 0.361459s (0m 00s)  100% completed  (87% total)
     Speed:     ev/sec=542.259   simsec/sec=83.0006   ev/simsec=6.53319
     Messages:  created: 195   present: 0   in FES: 0

<!> Simulation time limit reached -- at t=300s, event #196

Calling finish() at end of Run #6...

Preparing for running configuration StadiumSPONGENT, run #7...
Assigned runID=StadiumSPONGENT-7-20260809-23:07:23-359377
Setting up network "UavAuthNetwork"...
Initializing...

Running simulation...
** Event #0   t=0   Elapsed: 7e-06s (0m 00s)  0% completed  (87% total)
     Speed:     ev/sec=0   simsec/sec=0   ev/simsec=0
     Messages:  created: 10   present: 10   in FES: 11
** Event #196   t=300   Elapsed: 0.364035s (0m 00s)  100% completed  (100% total)
     Speed:     ev/sec=538.425   simsec/sec=82.4139   ev/simsec=6.53318
     Messages:  created: 195   present: 0   in FES: 0

<!> Simulation time limit reached -- at t=300s, event #196

Calling finish() at end of Run #7...

Run statistics: total 8, successful 8

End.
