\BOOKMARK [1][-]{section.1}{\376\377\000I\000n\000t\000r\000o\000d\000u\000c\000t\000i\000o\000n}{}% 1
\BOOKMARK [2][-]{subsection.1.1}{\376\377\000B\000a\000c\000k\000g\000r\000o\000u\000n\000d\000\040\000a\000n\000d\000\040\000M\000o\000t\000i\000v\000a\000t\000i\000o\000n}{section.1}% 2
\BOOKMARK [2][-]{subsection.1.2}{\376\377\000L\000i\000m\000i\000t\000a\000t\000i\000o\000n\000s\000\040\000o\000f\000\040\000T\000r\000a\000d\000i\000t\000i\000o\000n\000a\000l\000\040\000A\000u\000t\000h\000e\000n\000t\000i\000c\000a\000t\000i\000o\000n}{section.1}% 3
\BOOKMARK [2][-]{subsection.1.3}{\376\377\000P\000h\000y\000s\000i\000c\000a\000l\000\040\000U\000n\000c\000l\000o\000n\000a\000b\000l\000e\000\040\000F\000u\000n\000c\000t\000i\000o\000n\000s\000\040\000a\000s\000\040\000a\000\040\000S\000o\000l\000u\000t\000i\000o\000n}{section.1}% 4
\BOOKMARK [2][-]{subsection.1.4}{\376\377\000C\000o\000n\000t\000r\000i\000b\000u\000t\000i\000o\000n\000s\000\040\000o\000f\000\040\000T\000h\000i\000s\000\040\000P\000a\000p\000e\000r}{section.1}% 5
\BOOKMARK [1][-]{section.2}{\376\377\000B\000a\000c\000k\000g\000r\000o\000u\000n\000d\000\040\000a\000n\000d\000\040\000E\000x\000i\000s\000t\000i\000n\000g\000\040\000T\000e\000c\000h\000n\000o\000l\000o\000g\000i\000e\000s}{}% 6
\BOOKMARK [2][-]{subsection.2.1}{\376\377\000U\000A\000V\000\040\000C\000o\000m\000m\000u\000n\000i\000c\000a\000t\000i\000o\000n\000\040\000A\000r\000c\000h\000i\000t\000e\000c\000t\000u\000r\000e}{section.2}% 7
\BOOKMARK [2][-]{subsection.2.2}{\376\377\000P\000h\000y\000s\000i\000c\000a\000l\000\040\000U\000n\000c\000l\000o\000n\000a\000b\000l\000e\000\040\000F\000u\000n\000c\000t\000i\000o\000n\000s\000\040\000\050\000P\000U\000F\000s\000\051}{section.2}% 8
\BOOKMARK [3][-]{subsubsection.2.2.1}{\376\377\000P\000U\000F\000\040\000F\000u\000n\000d\000a\000m\000e\000n\000t\000a\000l\000s}{subsection.2.2}% 9
\BOOKMARK [3][-]{subsubsection.2.2.2}{\376\377\000T\000y\000p\000e\000s\000\040\000o\000f\000\040\000P\000U\000F\000s}{subsection.2.2}% 10
\BOOKMARK [3][-]{subsubsection.2.2.3}{\376\377\000P\000U\000F\000\040\000N\000o\000i\000s\000e\000\040\000a\000n\000d\000\040\000R\000e\000l\000i\000a\000b\000i\000l\000i\000t\000y}{subsection.2.2}% 11
\BOOKMARK [2][-]{subsection.2.3}{\376\377\000L\000i\000g\000h\000t\000w\000e\000i\000g\000h\000t\000\040\000C\000r\000y\000p\000t\000o\000g\000r\000a\000p\000h\000i\000c\000\040\000H\000a\000s\000h\000\040\000F\000u\000n\000c\000t\000i\000o\000n\000s}{section.2}% 12
\BOOKMARK [3][-]{subsubsection.2.3.1}{\376\377\000S\000H\000A\0003\000-\0002\0005\0006\000\040\000\050\000K\000e\000c\000c\000a\000k\000\051}{subsection.2.3}% 13
\BOOKMARK [3][-]{subsubsection.2.3.2}{\376\377\000S\000P\000O\000N\000G\000E\000N\000T\000-\0001\0006\0000}{subsection.2.3}% 14
\BOOKMARK [2][-]{subsection.2.4}{\376\377\000B\000C\000H\000\040\000E\000r\000r\000o\000r\000\040\000C\000o\000r\000r\000e\000c\000t\000i\000o\000n\000\040\000f\000o\000r\000\040\000P\000U\000F\000s}{section.2}% 15
\BOOKMARK [3][-]{subsubsection.2.4.1}{\376\377\000F\000u\000z\000z\000y\000\040\000E\000x\000t\000r\000a\000c\000t\000o\000r\000s}{subsection.2.4}% 16
\BOOKMARK [3][-]{subsubsection.2.4.2}{\376\377\000B\000C\000H\000\040\000C\000o\000d\000e\000\040\000P\000a\000r\000a\000m\000e\000t\000e\000r\000s}{subsection.2.4}% 17
\BOOKMARK [1][-]{section.3}{\376\377\000R\000e\000l\000a\000t\000e\000d\000\040\000W\000o\000r\000k}{}% 18
\BOOKMARK [2][-]{subsection.3.1}{\376\377\000P\000U\000F\000-\000B\000a\000s\000e\000d\000\040\000A\000u\000t\000h\000e\000n\000t\000i\000c\000a\000t\000i\000o\000n\000\040\000f\000o\000r\000\040\000I\000o\000T\000\040\000a\000n\000d\000\040\000U\000A\000V\000s}{section.3}% 19
\BOOKMARK [2][-]{subsection.3.2}{\376\377\000P\000e\000e\000r\000-\000t\000o\000-\000P\000e\000e\000r\000\040\000U\000A\000V\000\040\000A\000u\000t\000h\000e\000n\000t\000i\000c\000a\000t\000i\000o\000n}{section.3}% 20
\BOOKMARK [2][-]{subsection.3.3}{\376\377\000L\000i\000g\000h\000t\000w\000e\000i\000g\000h\000t\000\040\000H\000a\000s\000h\000\040\000F\000u\000n\000c\000t\000i\000o\000n\000s\000\040\000f\000o\000r\000\040\000C\000o\000n\000s\000t\000r\000a\000i\000n\000e\000d\000\040\000D\000e\000v\000i\000c\000e\000s}{section.3}% 21
\BOOKMARK [2][-]{subsection.3.4}{\376\377\000C\000o\000m\000p\000a\000r\000i\000s\000o\000n\000\040\000o\000f\000\040\000E\000x\000i\000s\000t\000i\000n\000g\000\040\000A\000p\000p\000r\000o\000a\000c\000h\000e\000s}{section.3}% 22
\BOOKMARK [1][-]{section.4}{\376\377\000P\000r\000o\000p\000o\000s\000e\000d\000\040\000P\000r\000o\000t\000o\000c\000o\000l\000\040\000D\000e\000s\000i\000g\000n}{}% 23
\BOOKMARK [2][-]{subsection.4.1}{\376\377\000T\000h\000r\000e\000a\000t\000\040\000M\000o\000d\000e\000l\000\040\000a\000n\000d\000\040\000D\000e\000s\000i\000g\000n\000\040\000G\000o\000a\000l\000s}{section.4}% 24
\BOOKMARK [3][-]{subsubsection.4.1.1}{\376\377\000T\000h\000r\000e\000a\000t\000\040\000M\000o\000d\000e\000l}{subsection.4.1}% 25
\BOOKMARK [3][-]{subsubsection.4.1.2}{\376\377\000D\000e\000s\000i\000g\000n\000\040\000G\000o\000a\000l\000s}{subsection.4.1}% 26
\BOOKMARK [2][-]{subsection.4.2}{\376\377\000S\000y\000s\000t\000e\000m\000\040\000M\000o\000d\000e\000l\000\040\000a\000n\000d\000\040\000N\000o\000t\000a\000t\000i\000o\000n}{section.4}% 27
\BOOKMARK [2][-]{subsection.4.3}{\376\377\000P\000h\000a\000s\000e\000\040\0001\000:\000\040\000S\000e\000c\000u\000r\000e\000\040\000E\000n\000r\000o\000l\000l\000m\000e\000n\000t\000\040\000a\000n\000d\000\040\000R\000e\000g\000i\000s\000t\000r\000a\000t\000i\000o\000n}{section.4}% 28
\BOOKMARK [2][-]{subsection.4.4}{\376\377\000P\000h\000a\000s\000e\000\040\0002\000:\000\040\000U\000A\000V\000-\000G\000r\000o\000u\000n\000d\000\040\000S\000t\000a\000t\000i\000o\000n\000\040\000M\000u\000t\000u\000a\000l\000\040\000A\000u\000t\000h\000e\000n\000t\000i\000c\000a\000t\000i\000o\000n}{section.4}% 29
\BOOKMARK [2][-]{subsection.4.5}{\376\377\000P\000h\000a\000s\000e\000\040\0003\000:\000\040\000U\000A\000V\000-\000t\000o\000-\000U\000A\000V\000\040\000P\000e\000e\000r\000\040\000A\000u\000t\000h\000e\000n\000t\000i\000c\000a\000t\000i\000o\000n}{section.4}% 30
\BOOKMARK [2][-]{subsection.4.6}{\376\377\000P\000h\000a\000s\000e\000\040\0004\000:\000\040\000S\000e\000s\000s\000i\000o\000n\000\040\000K\000e\000y\000\040\000E\000s\000t\000a\000b\000l\000i\000s\000h\000m\000e\000n\000t}{section.4}% 31
\BOOKMARK [1][-]{section.5}{\376\377\000O\000M\000N\000e\000T\000+\000+\000\040\000I\000m\000p\000l\000e\000m\000e\000n\000t\000a\000t\000i\000o\000n}{}% 32
\BOOKMARK [2][-]{subsection.5.1}{\376\377\000S\000i\000m\000u\000l\000a\000t\000i\000o\000n\000\040\000E\000n\000v\000i\000r\000o\000n\000m\000e\000n\000t\000\040\000a\000n\000d\000\040\000P\000a\000r\000a\000m\000e\000t\000e\000r\000s}{section.5}% 33
\BOOKMARK [2][-]{subsection.5.2}{\376\377\000M\000o\000d\000u\000l\000e\000\040\000A\000r\000c\000h\000i\000t\000e\000c\000t\000u\000r\000e}{section.5}% 34
\BOOKMARK [2][-]{subsection.5.3}{\376\377\000C\000r\000y\000p\000t\000o\000g\000r\000a\000p\000h\000i\000c\000\040\000C\000o\000m\000p\000o\000n\000e\000n\000t\000\040\000I\000m\000p\000l\000e\000m\000e\000n\000t\000a\000t\000i\000o\000n}{section.5}% 35
\BOOKMARK [2][-]{subsection.5.4}{\376\377\000F\000u\000l\000l\000-\000M\000e\000s\000h\000\040\000P\000h\000a\000s\000e\000\040\0003\000\040\000I\000m\000p\000l\000e\000m\000e\000n\000t\000a\000t\000i\000o\000n}{section.5}% 36
\BOOKMARK [2][-]{subsection.5.5}{\376\377\000H\000a\000s\000h\000\040\000W\000a\000r\000m\000u\000p\000\040\000M\000e\000c\000h\000a\000n\000i\000s\000m}{section.5}% 37
\BOOKMARK [1][-]{section.6}{\376\377\000S\000i\000m\000u\000l\000a\000t\000i\000o\000n\000\040\000R\000e\000s\000u\000l\000t\000s}{}% 38
\BOOKMARK [2][-]{subsection.6.1}{\376\377\000P\000h\000a\000s\000e\000\040\0002\000:\000\040\000U\000A\000V\000-\000G\000r\000o\000u\000n\000d\000\040\000S\000t\000a\000t\000i\000o\000n\000\040\000A\000u\000t\000h\000e\000n\000t\000i\000c\000a\000t\000i\000o\000n\000\040\000R\000e\000s\000u\000l\000t\000s}{section.6}% 39
\BOOKMARK [2][-]{subsection.6.2}{\376\377\000P\000h\000a\000s\000e\000\040\0002\000\040\000P\000e\000r\000-\000M\000e\000s\000s\000a\000g\000e\000\040\000T\000i\000m\000i\000n\000g\000\040\000B\000r\000e\000a\000k\000d\000o\000w\000n}{section.6}% 40
\BOOKMARK [2][-]{subsection.6.3}{\376\377\000P\000h\000a\000s\000e\000\040\0003\000:\000\040\000P\000e\000e\000r\000-\000t\000o\000-\000P\000e\000e\000r\000\040\000A\000u\000t\000h\000e\000n\000t\000i\000c\000a\000t\000i\000o\000n\000\040\000R\000e\000s\000u\000l\000t\000s}{section.6}% 41
\BOOKMARK [2][-]{subsection.6.4}{\376\377\000P\000h\000a\000s\000e\000\040\0003\000\040\000P\000e\000r\000-\000S\000t\000e\000p\000\040\000T\000i\000m\000i\000n\000g\000\040\000B\000r\000e\000a\000k\000d\000o\000w\000n}{section.6}% 42
\BOOKMARK [2][-]{subsection.6.5}{\376\377\000C\000o\000m\000b\000i\000n\000e\000d\000\040\000P\000r\000o\000t\000o\000c\000o\000l\000\040\000T\000i\000m\000i\000n\000g\000\040\000S\000u\000m\000m\000a\000r\000y}{section.6}% 43
\BOOKMARK [2][-]{subsection.6.6}{\376\377\000C\000o\000m\000p\000u\000t\000e\000\040\000v\000s\000.\000\040\000N\000e\000t\000w\000o\000r\000k\000\040\000B\000r\000e\000a\000k\000d\000o\000w\000n}{section.6}% 44
\BOOKMARK [1][-]{section.7}{\376\377\000C\000o\000m\000p\000a\000r\000i\000s\000o\000n\000\040\000w\000i\000t\000h\000\040\000E\000x\000i\000s\000t\000i\000n\000g\000\040\000A\000u\000t\000h\000e\000n\000t\000i\000c\000a\000t\000i\000o\000n\000\040\000M\000e\000t\000h\000o\000d\000s}{}% 45
\BOOKMARK [2][-]{subsection.7.1}{\376\377\000C\000o\000m\000m\000u\000n\000i\000c\000a\000t\000i\000o\000n\000\040\000O\000v\000e\000r\000h\000e\000a\000d\000\040\000C\000o\000m\000p\000a\000r\000i\000s\000o\000n}{section.7}% 46
\BOOKMARK [2][-]{subsection.7.2}{\376\377\000A\000u\000t\000h\000e\000n\000t\000i\000c\000a\000t\000i\000o\000n\000\040\000L\000a\000t\000e\000n\000c\000y\000\040\000C\000o\000m\000p\000a\000r\000i\000s\000o\000n}{section.7}% 47
\BOOKMARK [2][-]{subsection.7.3}{\376\377\000C\000o\000m\000p\000u\000t\000a\000t\000i\000o\000n\000a\000l\000\040\000C\000o\000s\000t\000\040\000A\000n\000a\000l\000y\000s\000i\000s}{section.7}% 48
\BOOKMARK [2][-]{subsection.7.4}{\376\377\000S\000t\000o\000r\000a\000g\000e\000\040\000R\000e\000q\000u\000i\000r\000e\000m\000e\000n\000t\000s\000\040\000C\000o\000m\000p\000a\000r\000i\000s\000o\000n}{section.7}% 49
\BOOKMARK [2][-]{subsection.7.5}{\376\377\000S\000e\000c\000u\000r\000i\000t\000y\000\040\000P\000r\000o\000p\000e\000r\000t\000i\000e\000s\000\040\000C\000o\000m\000p\000a\000r\000i\000s\000o\000n}{section.7}% 50
\BOOKMARK [1][-]{section.8}{\376\377\000H\000a\000r\000d\000w\000a\000r\000e\000\040\000I\000m\000p\000l\000e\000m\000e\000n\000t\000a\000t\000i\000o\000n\000\040\000A\000n\000a\000l\000y\000s\000i\000s}{}% 51
\BOOKMARK [2][-]{subsection.8.1}{\376\377\000S\000o\000f\000t\000w\000a\000r\000e\000\040\000v\000s\000.\000\040\000H\000a\000r\000d\000w\000a\000r\000e\000\040\000P\000e\000r\000f\000o\000r\000m\000a\000n\000c\000e\000\040\000G\000a\000p}{section.8}% 52
\BOOKMARK [2][-]{subsection.8.2}{\376\377\000H\000a\000r\000d\000w\000a\000r\000e\000\040\000A\000r\000e\000a\000\040\000a\000n\000d\000\040\000P\000o\000w\000e\000r\000\040\000A\000n\000a\000l\000y\000s\000i\000s}{section.8}% 53
\BOOKMARK [2][-]{subsection.8.3}{\376\377\000P\000r\000o\000j\000e\000c\000t\000e\000d\000\040\000H\000a\000r\000d\000w\000a\000r\000e\000\040\000P\000r\000o\000t\000o\000c\000o\000l\000\040\000L\000a\000t\000e\000n\000c\000y}{section.8}% 54
\BOOKMARK [2][-]{subsection.8.4}{\376\377\000R\000e\000a\000l\000-\000W\000o\000r\000l\000d\000\040\000D\000e\000p\000l\000o\000y\000m\000e\000n\000t\000\040\000C\000o\000n\000s\000i\000d\000e\000r\000a\000t\000i\000o\000n\000s}{section.8}% 55
\BOOKMARK [1][-]{section.9}{\376\377\000S\000e\000c\000u\000r\000i\000t\000y\000\040\000A\000n\000a\000l\000y\000s\000i\000s}{}% 56
\BOOKMARK [2][-]{subsection.9.1}{\376\377\000A\000s\000s\000u\000m\000p\000t\000i\000o\000n\000s}{section.9}% 57
\BOOKMARK [2][-]{subsection.9.2}{\376\377\000P\000h\000a\000s\000e\000\040\0002\000:\000\040\000M\000u\000t\000u\000a\000l\000\040\000A\000u\000t\000h\000e\000n\000t\000i\000c\000a\000t\000i\000o\000n}{section.9}% 58
\BOOKMARK [2][-]{subsection.9.3}{\376\377\000R\000e\000p\000l\000a\000y\000\040\000A\000t\000t\000a\000c\000k\000\040\000R\000e\000s\000i\000s\000t\000a\000n\000c\000e}{section.9}% 59
\BOOKMARK [2][-]{subsection.9.4}{\376\377\000P\000h\000a\000s\000e\000\040\0003\000:\000\040\000P\000e\000e\000r\000\040\000M\000u\000t\000u\000a\000l\000\040\000A\000u\000t\000h\000e\000n\000t\000i\000c\000a\000t\000i\000o\000n}{section.9}% 60
\BOOKMARK [2][-]{subsection.9.5}{\376\377\000M\000a\000n\000-\000i\000n\000-\000t\000h\000e\000-\000M\000i\000d\000d\000l\000e\000\040\000R\000e\000s\000i\000s\000t\000a\000n\000c\000e}{section.9}% 61
\BOOKMARK [2][-]{subsection.9.6}{\376\377\000K\000e\000y\000\040\000S\000e\000c\000r\000e\000c\000y\000\040\000a\000n\000d\000\040\000F\000o\000r\000w\000a\000r\000d\000\040\000S\000e\000c\000r\000e\000c\000y}{section.9}% 62
\BOOKMARK [2][-]{subsection.9.7}{\376\377\000P\000h\000y\000s\000i\000c\000a\000l\000\040\000C\000a\000p\000t\000u\000r\000e\000\040\000R\000e\000s\000i\000s\000t\000a\000n\000c\000e}{section.9}% 63
\BOOKMARK [2][-]{subsection.9.8}{\376\377\000S\000u\000m\000m\000a\000r\000y\000\040\000o\000f\000\040\000S\000e\000c\000u\000r\000i\000t\000y\000\040\000P\000r\000o\000p\000e\000r\000t\000i\000e\000s}{section.9}% 64
\BOOKMARK [1][-]{section.10}{\376\377\000D\000i\000s\000c\000u\000s\000s\000i\000o\000n}{}% 65
\BOOKMARK [2][-]{subsection.10.1}{\376\377\000S\000i\000m\000u\000l\000a\000t\000i\000o\000n\000\040\000v\000s\000.\000\040\000R\000e\000a\000l\000\040\000D\000e\000p\000l\000o\000y\000m\000e\000n\000t}{section.10}% 66
\BOOKMARK [2][-]{subsection.10.2}{\376\377\000S\000i\000m\000u\000l\000a\000t\000i\000o\000n\000\040\000v\000s\000.\000\040\000T\000h\000e\000o\000r\000y\000\040\000O\000v\000e\000r\000h\000e\000a\000d\000\040\000a\000n\000d\000\040\000S\000c\000a\000l\000a\000b\000i\000l\000i\000t\000y}{section.10}% 67
\BOOKMARK [2][-]{subsection.10.3}{\376\377\000L\000i\000m\000i\000t\000a\000t\000i\000o\000n\000s}{section.10}% 68
\BOOKMARK [1][-]{section.11}{\376\377\000C\000o\000n\000c\000l\000u\000s\000i\000o\000n}{}% 69
